Archive member included to satisfy reference by file (symbol)

c:/program files (x86)/atmel/studio/7.0/toolchain/avr8/avr8-gnu-toolchain/bin/../lib/gcc/avr/5.4.0/avr5\libgcc.a(_exit.o)
                              C:/Program Files (x86)/Atmel/Studio/7.0/Packs/Atmel/ATmega_DFP/2.0.401/gcc/dev/atmega32/avr5/crtatmega32.o (exit)
c:/program files (x86)/atmel/studio/7.0/toolchain/avr8/avr8-gnu-toolchain/bin/../lib/gcc/avr/5.4.0/avr5\libgcc.a(_copy_data.o)
                              DIO_prog.o (__do_copy_data)
c:/program files (x86)/atmel/studio/7.0/toolchain/avr8/avr8-gnu-toolchain/bin/../lib/gcc/avr/5.4.0/avr5\libgcc.a(_clear_bss.o)
                              LCD_prog.o (__do_clear_bss)

Allocating common symbols
Common symbol       size              file

Global_u8CurrentFunctionSet
                    0x1               LCD_prog.o
Counter             0x2               main.o

Discarded input sections

 .data          0x00000000        0x0 C:/Program Files (x86)/Atmel/Studio/7.0/Packs/Atmel/ATmega_DFP/2.0.401/gcc/dev/atmega32/avr5/crtatmega32.o
 .bss           0x00000000        0x0 C:/Program Files (x86)/Atmel/Studio/7.0/Packs/Atmel/ATmega_DFP/2.0.401/gcc/dev/atmega32/avr5/crtatmega32.o
 .text          0x00000000        0x0 DIO_prog.o
 .data          0x00000000        0x0 DIO_prog.o
 .bss           0x00000000        0x0 DIO_prog.o
 .text.DIO_voidInit
                0x00000000       0x14 DIO_prog.o
 .text.DIO_u8GetPinValue
                0x00000000       0x3e DIO_prog.o
 .text.DIO_u8GetPinDir
                0x00000000       0x3e DIO_prog.o
 .text.DIO_u8SetPortValue
                0x00000000       0x20 DIO_prog.o
 .text.DIO_u8GetPortValue
                0x00000000       0x24 DIO_prog.o
 .text.DIO_u8SetPortDir
                0x00000000       0x2c DIO_prog.o
 .text.DIO_u8GetPortDir
                0x00000000       0x24 DIO_prog.o
 .rodata.DIO_u8ArrPIN
                0x00000000        0x8 DIO_prog.o
 .text          0x00000000        0x0 Encryption.o
 .data          0x00000000        0x0 Encryption.o
 .bss           0x00000000        0x0 Encryption.o
 .text.encrypt  0x00000000       0x2e Encryption.o
 .text          0x00000000        0x0 Keypad_prog.o
 .data          0x00000000        0x0 Keypad_prog.o
 .bss           0x00000000        0x0 Keypad_prog.o
 .text.Keypad_voidInit
                0x00000000       0x82 Keypad_prog.o
 .text.Keypad_u8GetPressedButtonValue
                0x00000000      0x11a Keypad_prog.o
 .data.u8buttonArr
                0x00000000       0x10 Keypad_prog.o
 .data.u8RowArr
                0x00000000        0x4 Keypad_prog.o
 .data.u8ColArr
                0x00000000        0x4 Keypad_prog.o
 .debug_info    0x00000000      0x56c Keypad_prog.o
 .debug_abbrev  0x00000000      0x125 Keypad_prog.o
 .debug_loc     0x00000000      0x168 Keypad_prog.o
 .debug_aranges
                0x00000000       0x28 Keypad_prog.o
 .debug_ranges  0x00000000       0x18 Keypad_prog.o
 .debug_line    0x00000000      0x1d2 Keypad_prog.o
 .debug_str     0x00000000      0x41f Keypad_prog.o
 .comment       0x00000000       0x31 Keypad_prog.o
 .debug_frame   0x00000000       0x68 Keypad_prog.o
 .text          0x00000000        0x0 LCD_prog.o
 .data          0x00000000        0x0 LCD_prog.o
 .bss           0x00000000        0x0 LCD_prog.o
 .text.LCD_u8WriteString
                0x00000000       0x3a LCD_prog.o
 .text.LCD_u8SetFeature
                0x00000000       0x36 LCD_prog.o
 .text.LCD_u8ClearDisplay
                0x00000000       0x26 LCD_prog.o
 .text.LCD_u8ReturnHome
                0x00000000       0x26 LCD_prog.o
 .text.LCD_u8ShiftDisplayLeft
                0x00000000       0x26 LCD_prog.o
 .text.LCD_u8ShiftDisplayRight
                0x00000000       0x26 LCD_prog.o
 .text          0x00000000        0x0 main.o
 .data          0x00000000        0x0 main.o
 .bss           0x00000000        0x0 main.o
 .text.Pwm_voidInit2
                0x00000000       0x20 main.o
 .text.Pwm_voidInit3
                0x00000000       0x20 main.o
 .text          0x00000000        0x0 Timer0.o
 .data          0x00000000        0x0 Timer0.o
 .bss           0x00000000        0x0 Timer0.o
 .text          0x00000000        0x0 UartRx.o
 .data          0x00000000        0x0 UartRx.o
 .bss           0x00000000        0x0 UartRx.o
 .text          0x00000000        0x0 c:/program files (x86)/atmel/studio/7.0/toolchain/avr8/avr8-gnu-toolchain/bin/../lib/gcc/avr/5.4.0/avr5\libgcc.a(_exit.o)
 .data          0x00000000        0x0 c:/program files (x86)/atmel/studio/7.0/toolchain/avr8/avr8-gnu-toolchain/bin/../lib/gcc/avr/5.4.0/avr5\libgcc.a(_exit.o)
 .bss           0x00000000        0x0 c:/program files (x86)/atmel/studio/7.0/toolchain/avr8/avr8-gnu-toolchain/bin/../lib/gcc/avr/5.4.0/avr5\libgcc.a(_exit.o)
 .text.libgcc.mul
                0x00000000        0x0 c:/program files (x86)/atmel/studio/7.0/toolchain/avr8/avr8-gnu-toolchain/bin/../lib/gcc/avr/5.4.0/avr5\libgcc.a(_exit.o)
 .text.libgcc.div
                0x00000000        0x0 c:/program files (x86)/atmel/studio/7.0/toolchain/avr8/avr8-gnu-toolchain/bin/../lib/gcc/avr/5.4.0/avr5\libgcc.a(_exit.o)
 .text.libgcc   0x00000000        0x0 c:/program files (x86)/atmel/studio/7.0/toolchain/avr8/avr8-gnu-toolchain/bin/../lib/gcc/avr/5.4.0/avr5\libgcc.a(_exit.o)
 .text.libgcc.prologue
                0x00000000        0x0 c:/program files (x86)/atmel/studio/7.0/toolchain/avr8/avr8-gnu-toolchain/bin/../lib/gcc/avr/5.4.0/avr5\libgcc.a(_exit.o)
 .text.libgcc.builtins
                0x00000000        0x0 c:/program files (x86)/atmel/studio/7.0/toolchain/avr8/avr8-gnu-toolchain/bin/../lib/gcc/avr/5.4.0/avr5\libgcc.a(_exit.o)
 .text.libgcc.fmul
                0x00000000        0x0 c:/program files (x86)/atmel/studio/7.0/toolchain/avr8/avr8-gnu-toolchain/bin/../lib/gcc/avr/5.4.0/avr5\libgcc.a(_exit.o)
 .text.libgcc.fixed
                0x00000000        0x0 c:/program files (x86)/atmel/studio/7.0/toolchain/avr8/avr8-gnu-toolchain/bin/../lib/gcc/avr/5.4.0/avr5\libgcc.a(_exit.o)
 .text          0x00000000        0x0 c:/program files (x86)/atmel/studio/7.0/toolchain/avr8/avr8-gnu-toolchain/bin/../lib/gcc/avr/5.4.0/avr5\libgcc.a(_copy_data.o)
 .data          0x00000000        0x0 c:/program files (x86)/atmel/studio/7.0/toolchain/avr8/avr8-gnu-toolchain/bin/../lib/gcc/avr/5.4.0/avr5\libgcc.a(_copy_data.o)
 .bss           0x00000000        0x0 c:/program files (x86)/atmel/studio/7.0/toolchain/avr8/avr8-gnu-toolchain/bin/../lib/gcc/avr/5.4.0/avr5\libgcc.a(_copy_data.o)
 .text.libgcc.mul
                0x00000000        0x0 c:/program files (x86)/atmel/studio/7.0/toolchain/avr8/avr8-gnu-toolchain/bin/../lib/gcc/avr/5.4.0/avr5\libgcc.a(_copy_data.o)
 .text.libgcc.div
                0x00000000        0x0 c:/program files (x86)/atmel/studio/7.0/toolchain/avr8/avr8-gnu-toolchain/bin/../lib/gcc/avr/5.4.0/avr5\libgcc.a(_copy_data.o)
 .text.libgcc   0x00000000        0x0 c:/program files (x86)/atmel/studio/7.0/toolchain/avr8/avr8-gnu-toolchain/bin/../lib/gcc/avr/5.4.0/avr5\libgcc.a(_copy_data.o)
 .text.libgcc.prologue
                0x00000000        0x0 c:/program files (x86)/atmel/studio/7.0/toolchain/avr8/avr8-gnu-toolchain/bin/../lib/gcc/avr/5.4.0/avr5\libgcc.a(_copy_data.o)
 .text.libgcc.builtins
                0x00000000        0x0 c:/program files (x86)/atmel/studio/7.0/toolchain/avr8/avr8-gnu-toolchain/bin/../lib/gcc/avr/5.4.0/avr5\libgcc.a(_copy_data.o)
 .text.libgcc.fmul
                0x00000000        0x0 c:/program files (x86)/atmel/studio/7.0/toolchain/avr8/avr8-gnu-toolchain/bin/../lib/gcc/avr/5.4.0/avr5\libgcc.a(_copy_data.o)
 .text.libgcc.fixed
                0x00000000        0x0 c:/program files (x86)/atmel/studio/7.0/toolchain/avr8/avr8-gnu-toolchain/bin/../lib/gcc/avr/5.4.0/avr5\libgcc.a(_copy_data.o)
 .text          0x00000000        0x0 c:/program files (x86)/atmel/studio/7.0/toolchain/avr8/avr8-gnu-toolchain/bin/../lib/gcc/avr/5.4.0/avr5\libgcc.a(_clear_bss.o)
 .data          0x00000000        0x0 c:/program files (x86)/atmel/studio/7.0/toolchain/avr8/avr8-gnu-toolchain/bin/../lib/gcc/avr/5.4.0/avr5\libgcc.a(_clear_bss.o)
 .bss           0x00000000        0x0 c:/program files (x86)/atmel/studio/7.0/toolchain/avr8/avr8-gnu-toolchain/bin/../lib/gcc/avr/5.4.0/avr5\libgcc.a(_clear_bss.o)
 .text.libgcc.mul
                0x00000000        0x0 c:/program files (x86)/atmel/studio/7.0/toolchain/avr8/avr8-gnu-toolchain/bin/../lib/gcc/avr/5.4.0/avr5\libgcc.a(_clear_bss.o)
 .text.libgcc.div
                0x00000000        0x0 c:/program files (x86)/atmel/studio/7.0/toolchain/avr8/avr8-gnu-toolchain/bin/../lib/gcc/avr/5.4.0/avr5\libgcc.a(_clear_bss.o)
 .text.libgcc   0x00000000        0x0 c:/program files (x86)/atmel/studio/7.0/toolchain/avr8/avr8-gnu-toolchain/bin/../lib/gcc/avr/5.4.0/avr5\libgcc.a(_clear_bss.o)
 .text.libgcc.prologue
                0x00000000        0x0 c:/program files (x86)/atmel/studio/7.0/toolchain/avr8/avr8-gnu-toolchain/bin/../lib/gcc/avr/5.4.0/avr5\libgcc.a(_clear_bss.o)
 .text.libgcc.builtins
                0x00000000        0x0 c:/program files (x86)/atmel/studio/7.0/toolchain/avr8/avr8-gnu-toolchain/bin/../lib/gcc/avr/5.4.0/avr5\libgcc.a(_clear_bss.o)
 .text.libgcc.fmul
                0x00000000        0x0 c:/program files (x86)/atmel/studio/7.0/toolchain/avr8/avr8-gnu-toolchain/bin/../lib/gcc/avr/5.4.0/avr5\libgcc.a(_clear_bss.o)
 .text.libgcc.fixed
                0x00000000        0x0 c:/program files (x86)/atmel/studio/7.0/toolchain/avr8/avr8-gnu-toolchain/bin/../lib/gcc/avr/5.4.0/avr5\libgcc.a(_clear_bss.o)

Memory Configuration

Name             Origin             Length             Attributes
text             0x00000000         0x00008000         xr
data             0x00800060         0x00000800         rw !x
eeprom           0x00810000         0x00000400         rw !x
fuse             0x00820000         0x00000002         rw !x
lock             0x00830000         0x00000400         rw !x
signature        0x00840000         0x00000400         rw !x
user_signatures  0x00850000         0x00000400         rw !x
*default*        0x00000000         0xffffffff

Linker script and memory map

LOAD C:/Program Files (x86)/Atmel/Studio/7.0/Packs/Atmel/ATmega_DFP/2.0.401/gcc/dev/atmega32/avr5/crtatmega32.o
LOAD DIO_prog.o
LOAD Encryption.o
LOAD Keypad_prog.o
LOAD LCD_prog.o
LOAD main.o
LOAD Timer0.o
LOAD UartRx.o
START GROUP
LOAD c:/program files (x86)/atmel/studio/7.0/toolchain/avr8/avr8-gnu-toolchain/bin/../lib/gcc/avr/5.4.0/../../../../avr/lib/avr5\libm.a
END GROUP
START GROUP
LOAD c:/program files (x86)/atmel/studio/7.0/toolchain/avr8/avr8-gnu-toolchain/bin/../lib/gcc/avr/5.4.0/avr5\libgcc.a
LOAD c:/program files (x86)/atmel/studio/7.0/toolchain/avr8/avr8-gnu-toolchain/bin/../lib/gcc/avr/5.4.0/../../../../avr/lib/avr5\libm.a
LOAD c:/program files (x86)/atmel/studio/7.0/toolchain/avr8/avr8-gnu-toolchain/bin/../lib/gcc/avr/5.4.0/../../../../avr/lib/avr5\libc.a
LOAD C:/Program Files (x86)/Atmel/Studio/7.0/Packs/Atmel/ATmega_DFP/2.0.401/gcc/dev/atmega32/avr5\libatmega32.a
END GROUP
                0x00000000                __TEXT_REGION_ORIGIN__ = DEFINED (__TEXT_REGION_ORIGIN__)?__TEXT_REGION_ORIGIN__:0x0
                [0x00800060]                __DATA_REGION_ORIGIN__ = DEFINED (__DATA_REGION_ORIGIN__)?__DATA_REGION_ORIGIN__:0x800060
                [0x00008000]                __TEXT_REGION_LENGTH__ = DEFINED (__TEXT_REGION_LENGTH__)?__TEXT_REGION_LENGTH__:0x20000
                [0x00000800]                __DATA_REGION_LENGTH__ = DEFINED (__DATA_REGION_LENGTH__)?__DATA_REGION_LENGTH__:0xffa0
                [0x00000400]                __EEPROM_REGION_LENGTH__ = DEFINED (__EEPROM_REGION_LENGTH__)?__EEPROM_REGION_LENGTH__:0x10000
                [0x00000002]                __FUSE_REGION_LENGTH__ = DEFINED (__FUSE_REGION_LENGTH__)?__FUSE_REGION_LENGTH__:0x400
                0x00000400                __LOCK_REGION_LENGTH__ = DEFINED (__LOCK_REGION_LENGTH__)?__LOCK_REGION_LENGTH__:0x400
                0x00000400                __SIGNATURE_REGION_LENGTH__ = DEFINED (__SIGNATURE_REGION_LENGTH__)?__SIGNATURE_REGION_LENGTH__:0x400
                0x00000400                __USER_SIGNATURE_REGION_LENGTH__ = DEFINED (__USER_SIGNATURE_REGION_LENGTH__)?__USER_SIGNATURE_REGION_LENGTH__:0x400

.hash
 *(.hash)

.dynsym
 *(.dynsym)

.dynstr
 *(.dynstr)

.gnu.version
 *(.gnu.version)

.gnu.version_d
 *(.gnu.version_d)

.gnu.version_r
 *(.gnu.version_r)

.rel.init
 *(.rel.init)

.rela.init
 *(.rela.init)

.rel.text
 *(.rel.text)
 *(.rel.text.*)
 *(.rel.gnu.linkonce.t*)

.rela.text
 *(.rela.text)
 *(.rela.text.*)
 *(.rela.gnu.linkonce.t*)

.rel.fini
 *(.rel.fini)

.rela.fini
 *(.rela.fini)

.rel.rodata
 *(.rel.rodata)
 *(.rel.rodata.*)
 *(.rel.gnu.linkonce.r*)

.rela.rodata
 *(.rela.rodata)
 *(.rela.rodata.*)
 *(.rela.gnu.linkonce.r*)

.rel.data
 *(.rel.data)
 *(.rel.data.*)
 *(.rel.gnu.linkonce.d*)

.rela.data
 *(.rela.data)
 *(.rela.data.*)
 *(.rela.gnu.linkonce.d*)

.rel.ctors
 *(.rel.ctors)

.rela.ctors
 *(.rela.ctors)

.rel.dtors
 *(.rel.dtors)

.rela.dtors
 *(.rela.dtors)

.rel.got
 *(.rel.got)

.rela.got
 *(.rela.got)

.rel.bss
 *(.rel.bss)

.rela.bss
 *(.rela.bss)

.rel.plt
 *(.rel.plt)

.rela.plt
 *(.rela.plt)

.text           0x00000000      0x51c
 *(.vectors)
 .vectors       0x00000000       0x54 C:/Program Files (x86)/Atmel/Studio/7.0/Packs/Atmel/ATmega_DFP/2.0.401/gcc/dev/atmega32/avr5/crtatmega32.o
                0x00000000                __vector_default
                0x00000000                __vectors
 *(.vectors)
 *(.progmem.gcc*)
                0x00000054                . = ALIGN (0x2)
                0x00000054                __trampolines_start = .
 *(.trampolines)
 .trampolines   0x00000054        0x0 linker stubs
 *(.trampolines*)
                0x00000054                __trampolines_end = .
 *libprintf_flt.a:*(.progmem.data)
 *libc.a:*(.progmem.data)
 *(.progmem*)
                0x00000054                . = ALIGN (0x2)
 *(.jumptables)
 *(.jumptables*)
 *(.lowtext)
 *(.lowtext*)
                0x00000054                __ctors_start = .
 *(.ctors)
                0x00000054                __ctors_end = .
                0x00000054                __dtors_start = .
 *(.dtors)
                0x00000054                __dtors_end = .
 SORT(*)(.ctors)
 SORT(*)(.dtors)
 *(.init0)
 .init0         0x00000054        0x0 C:/Program Files (x86)/Atmel/Studio/7.0/Packs/Atmel/ATmega_DFP/2.0.401/gcc/dev/atmega32/avr5/crtatmega32.o
                0x00000054                __init
 *(.init0)
 *(.init1)
 *(.init1)
 *(.init2)
 .init2         0x00000054        0xc C:/Program Files (x86)/Atmel/Studio/7.0/Packs/Atmel/ATmega_DFP/2.0.401/gcc/dev/atmega32/avr5/crtatmega32.o
 *(.init2)
 *(.init3)
 *(.init3)
 *(.init4)
 .init4         0x00000060       0x16 c:/program files (x86)/atmel/studio/7.0/toolchain/avr8/avr8-gnu-toolchain/bin/../lib/gcc/avr/5.4.0/avr5\libgcc.a(_copy_data.o)
                0x00000060                __do_copy_data
 .init4         0x00000076       0x10 c:/program files (x86)/atmel/studio/7.0/toolchain/avr8/avr8-gnu-toolchain/bin/../lib/gcc/avr/5.4.0/avr5\libgcc.a(_clear_bss.o)
                0x00000076                __do_clear_bss
 *(.init4)
 *(.init5)
 *(.init5)
 *(.init6)
 *(.init6)
 *(.init7)
 *(.init7)
 *(.init8)
 *(.init8)
 *(.init9)
 .init9         0x00000086        0x8 C:/Program Files (x86)/Atmel/Studio/7.0/Packs/Atmel/ATmega_DFP/2.0.401/gcc/dev/atmega32/avr5/crtatmega32.o
 *(.init9)
 *(.text)
 .text          0x0000008e        0x4 C:/Program Files (x86)/Atmel/Studio/7.0/Packs/Atmel/ATmega_DFP/2.0.401/gcc/dev/atmega32/avr5/crtatmega32.o
                0x0000008e                __vector_1
                0x0000008e                __vector_12
                0x0000008e                __bad_interrupt
                0x0000008e                __vector_6
                0x0000008e                __vector_3
                0x0000008e                __vector_13
                0x0000008e                __vector_17
                0x0000008e                __vector_19
                0x0000008e                __vector_7
                0x0000008e                __vector_5
                0x0000008e                __vector_4
                0x0000008e                __vector_9
                0x0000008e                __vector_2
                0x0000008e                __vector_15
                0x0000008e                __vector_8
                0x0000008e                __vector_14
                0x0000008e                __vector_10
                0x0000008e                __vector_16
                0x0000008e                __vector_18
                0x0000008e                __vector_20
                0x00000092                . = ALIGN (0x2)
 *(.text.*)
 .text.DIO_u8SetPinValue
                0x00000092       0x78 DIO_prog.o
                0x00000092                DIO_u8SetPinValue
 .text.DIO_u8SetPinDir
                0x0000010a       0x78 DIO_prog.o
                0x0000010a                DIO_u8SetPinDir
 .text.decrypt  0x00000182       0x2e Encryption.o
                0x00000182                decrypt
 .text.LCD_u8WriteCommand
                0x000001b0       0xa4 LCD_prog.o
                0x000001b0                LCD_u8WriteCommand
 .text.LCD_voidInit
                0x00000254       0xae LCD_prog.o
                0x00000254                LCD_voidInit
 .text.LCD_u8WriteData
                0x00000302       0xa4 LCD_prog.o
                0x00000302                LCD_u8WriteData
 .text.Pwm_voidInit1
                0x000003a6       0x20 main.o
                0x000003a6                Pwm_voidInit1
 .text.Pwm_voidSetOCR0
                0x000003c6        0x4 main.o
                0x000003c6                Pwm_voidSetOCR0
 .text.main     0x000003ca       0xc4 main.o
                0x000003ca                main
 .text.__vector_11
                0x0000048e       0x48 main.o
                0x0000048e                __vector_11
 .text.timer0_Int
                0x000004d6       0x28 Timer0.o
                0x000004d6                timer0_Int
 .text.USART_Init
                0x000004fe        0xe UartRx.o
                0x000004fe                USART_Init
 .text.USART_Recieve
                0x0000050c        0xc UartRx.o
                0x0000050c                USART_Recieve
                0x00000518                . = ALIGN (0x2)
 *(.fini9)
 .fini9         0x00000518        0x0 c:/program files (x86)/atmel/studio/7.0/toolchain/avr8/avr8-gnu-toolchain/bin/../lib/gcc/avr/5.4.0/avr5\libgcc.a(_exit.o)
                0x00000518                _exit
                0x00000518                exit
 *(.fini9)
 *(.fini8)
 *(.fini8)
 *(.fini7)
 *(.fini7)
 *(.fini6)
 *(.fini6)
 *(.fini5)
 *(.fini5)
 *(.fini4)
 *(.fini4)
 *(.fini3)
 *(.fini3)
 *(.fini2)
 *(.fini2)
 *(.fini1)
 *(.fini1)
 *(.fini0)
 .fini0         0x00000518        0x4 c:/program files (x86)/atmel/studio/7.0/toolchain/avr8/avr8-gnu-toolchain/bin/../lib/gcc/avr/5.4.0/avr5\libgcc.a(_exit.o)
 *(.fini0)
                0x0000051c                _etext = .

.data           0x00800060       0x10 load address 0x0000051c
                0x00800060                PROVIDE (__data_start, .)
 *(.data)
 *(.data*)
 *(.gnu.linkonce.d*)
 *(.rodata)
 *(.rodata*)
 .rodata.DIO_u8ArrDDR
                0x00800060        0x8 DIO_prog.o
                0x00800060                DIO_u8ArrDDR
 .rodata.DIO_u8ArrPORT
                0x00800068        0x8 DIO_prog.o
                0x00800068                DIO_u8ArrPORT
 *(.gnu.linkonce.r*)
                0x00800070                . = ALIGN (0x2)
                0x00800070                _edata = .
                0x00800070                PROVIDE (__data_end, .)

.bss            0x00800070        0x4
                0x00800070                PROVIDE (__bss_start, .)
 *(.bss)
 *(.bss*)
 .bss.VALID_PIN_CONFIGURATION
                0x00800070        0x1 LCD_prog.o
                0x00800070                VALID_PIN_CONFIGURATION
 *(COMMON)
 COMMON         0x00800071        0x1 LCD_prog.o
                0x00800071                Global_u8CurrentFunctionSet
 COMMON         0x00800072        0x2 main.o
                0x00800072                Counter
                0x00800074                PROVIDE (__bss_end, .)
                0x0000051c                __data_load_start = LOADADDR (.data)
                0x0000052c                __data_load_end = (__data_load_start + SIZEOF (.data))

.noinit         0x00800074        0x0
                [!provide]                PROVIDE (__noinit_start, .)
 *(.noinit*)
                [!provide]                PROVIDE (__noinit_end, .)
                0x00800074                _end = .
                [!provide]                PROVIDE (__heap_start, .)

.eeprom         0x00810000        0x0
 *(.eeprom*)
                0x00810000                __eeprom_end = .

.fuse
 *(.fuse)
 *(.lfuse)
 *(.hfuse)
 *(.efuse)

.lock
 *(.lock*)

.signature
 *(.signature*)

.user_signatures
 *(.user_signatures*)

.stab
 *(.stab)

.stabstr
 *(.stabstr)

.stab.excl
 *(.stab.excl)

.stab.exclstr
 *(.stab.exclstr)

.stab.index
 *(.stab.index)

.stab.indexstr
 *(.stab.indexstr)

.comment        0x00000000       0x30
 *(.comment)
 .comment       0x00000000       0x30 DIO_prog.o
                                 0x31 (size before relaxing)
 .comment       0x00000030       0x31 Encryption.o
 .comment       0x00000030       0x31 LCD_prog.o
 .comment       0x00000030       0x31 main.o
 .comment       0x00000030       0x31 Timer0.o
 .comment       0x00000030       0x31 UartRx.o

.note.gnu.avr.deviceinfo
                0x00000000       0x3c
 .note.gnu.avr.deviceinfo
                0x00000000       0x3c C:/Program Files (x86)/Atmel/Studio/7.0/Packs/Atmel/ATmega_DFP/2.0.401/gcc/dev/atmega32/avr5/crtatmega32.o

.note.gnu.build-id
 *(.note.gnu.build-id)

.debug
 *(.debug)

.line
 *(.line)

.debug_srcinfo
 *(.debug_srcinfo)

.debug_sfnames
 *(.debug_sfnames)

.debug_aranges  0x00000000      0x178
 *(.debug_aranges)
 .debug_aranges
                0x00000000       0x60 DIO_prog.o
 .debug_aranges
                0x00000060       0x28 Encryption.o
 .debug_aranges
                0x00000088       0x60 LCD_prog.o
 .debug_aranges
                0x000000e8       0x48 main.o
 .debug_aranges
                0x00000130       0x20 Timer0.o
 .debug_aranges
                0x00000150       0x28 UartRx.o

.debug_pubnames
 *(.debug_pubnames)

.debug_info     0x00000000     0x1a11
 *(.debug_info .gnu.linkonce.wi.*)
 .debug_info    0x00000000      0x4e6 C:/Program Files (x86)/Atmel/Studio/7.0/Packs/Atmel/ATmega_DFP/2.0.401/gcc/dev/atmega32/avr5/crtatmega32.o
 .debug_info    0x000004e6      0x422 DIO_prog.o
 .debug_info    0x00000908      0x129 Encryption.o
 .debug_info    0x00000a31      0xb0f LCD_prog.o
 .debug_info    0x00001540      0x34b main.o
 .debug_info    0x0000188b       0x83 Timer0.o
 .debug_info    0x0000190e      0x103 UartRx.o

.debug_abbrev   0x00000000      0xa36
 *(.debug_abbrev)
 .debug_abbrev  0x00000000      0x4a3 C:/Program Files (x86)/Atmel/Studio/7.0/Packs/Atmel/ATmega_DFP/2.0.401/gcc/dev/atmega32/avr5/crtatmega32.o
 .debug_abbrev  0x000004a3       0xfb DIO_prog.o
 .debug_abbrev  0x0000059e       0xa1 Encryption.o
 .debug_abbrev  0x0000063f      0x1b1 LCD_prog.o
 .debug_abbrev  0x000007f0      0x161 main.o
 .debug_abbrev  0x00000951       0x51 Timer0.o
 .debug_abbrev  0x000009a2       0x94 UartRx.o

.debug_line     0x00000000      0xc43
 *(.debug_line .debug_line.* .debug_line_end)
 .debug_line    0x00000000      0x116 C:/Program Files (x86)/Atmel/Studio/7.0/Packs/Atmel/ATmega_DFP/2.0.401/gcc/dev/atmega32/avr5/crtatmega32.o
 .debug_line    0x00000116      0x277 DIO_prog.o
 .debug_line    0x0000038d       0xb6 Encryption.o
 .debug_line    0x00000443      0x414 LCD_prog.o
 .debug_line    0x00000857      0x23f main.o
 .debug_line    0x00000a96       0xc5 Timer0.o
 .debug_line    0x00000b5b       0xe8 UartRx.o

.debug_frame    0x00000000      0x294
 *(.debug_frame)
 .debug_frame   0x00000000       0xa4 DIO_prog.o
 .debug_frame   0x000000a4       0x34 Encryption.o
 .debug_frame   0x000000d8       0xc4 LCD_prog.o
 .debug_frame   0x0000019c       0xa0 main.o
 .debug_frame   0x0000023c       0x24 Timer0.o
 .debug_frame   0x00000260       0x34 UartRx.o

.debug_str      0x00000000      0xa18
 *(.debug_str)
 .debug_str     0x00000000      0x196 C:/Program Files (x86)/Atmel/Studio/7.0/Packs/Atmel/ATmega_DFP/2.0.401/gcc/dev/atmega32/avr5/crtatmega32.o
 .debug_str     0x00000196      0x31f DIO_prog.o
                                0x34c (size before relaxing)
 .debug_str     0x000004b5       0x4c Encryption.o
                                0x1aa (size before relaxing)
 .debug_str     0x00000501      0x418 LCD_prog.o
                                0x5bd (size before relaxing)
 .debug_str     0x00000919       0xde main.o
                                0x25c (size before relaxing)
 .debug_str     0x000009f7        0xe Timer0.o
                                0x17b (size before relaxing)
 .debug_str     0x00000a05       0x13 UartRx.o
                                0x1c2 (size before relaxing)

.debug_loc      0x00000000      0xb96
 *(.debug_loc)
 .debug_loc     0x00000000      0x553 DIO_prog.o
 .debug_loc     0x00000553       0x48 Encryption.o
 .debug_loc     0x0000059b      0x4e0 LCD_prog.o
 .debug_loc     0x00000a7b       0xcd main.o
 .debug_loc     0x00000b48       0x4e UartRx.o

.debug_macinfo
 *(.debug_macinfo)

.debug_weaknames
 *(.debug_weaknames)

.debug_funcnames
 *(.debug_funcnames)

.debug_typenames
 *(.debug_typenames)

.debug_varnames
 *(.debug_varnames)

.debug_pubtypes
 *(.debug_pubtypes)

.debug_ranges   0x00000000      0x118
 *(.debug_ranges)
 .debug_ranges  0x00000000       0x50 DIO_prog.o
 .debug_ranges  0x00000050       0x18 Encryption.o
 .debug_ranges  0x00000068       0x50 LCD_prog.o
 .debug_ranges  0x000000b8       0x38 main.o
 .debug_ranges  0x000000f0       0x10 Timer0.o
 .debug_ranges  0x00000100       0x18 UartRx.o

.debug_macro
 *(.debug_macro)
OUTPUT(UartRx.elf elf32-avr)
LOAD linker stubs
